../Core/Src/main.c:77:5:main	8	static
../Core/Src/main.c:129:6:SystemClock_Config	120	static
../Core/Src/main.c:187:13:MX_CRC_Init	8	static
../Core/Src/main.c:218:13:MX_GPDMA2_Init	16	static
../Core/Src/main.c:246:13:MX_ICACHE_Init	8	static
../Core/Src/main.c:274:13:MX_SPI1_Init	8	static
../Core/Src/main.c:322:13:MX_TIM2_Init	40	static
../Core/Src/main.c:367:13:MX_GPIO_Init	48	static
../Core/Src/main.c:433:6:HAL_TIM_PeriodElapsedCallback	16	static
../Core/Src/main.c:455:6:Error_Handler	4	static,ignoring_inline_asm
